This is log file
divya loggedin
